// Jest Snapshot v1, https://goo.gl/fbAQLP

exports[`<Login/> Snapshot Capture snapshot 1`] = `
<form
  className="login-container"
>
  <input
    className="arcing-input"
    name="username"
    onChange={[Function]}
    placeholder="username"
    type="text"
    value=""
  />
  <input
    className="arcing-input"
    name="password"
    onChange={[Function]}
    placeholder="password"
    type="password"
    value=""
  />
  <button
    className="arcing-btn"
    onClick={[Function]}
    type="button"
  >
     Login 
  </button>
  <p>
    
  </p>
</form>
`;
